// Jest Snapshot v1, https://goo.gl/fbAQLP

exports[`Registration Form Renders registration form without issues 1`] = `
<Form
  onSubmit={[Function]}
>
  <div
    className="header_register"
  >
    <h2>
      Registration
    </h2>
  </div>
  <div
    className="full_name"
  >
    <label
      className="label_registration"
      htmlFor="RegistrationForm__full_name"
    >
      Full name 
      <Required />
    </label>
    <Input
      id="RegistrationForm__full_name"
      name="full_name"
      required={true}
      type="text"
    />
  </div>
  <div
    className="user_name"
  >
    <label
      className="label_registration"
      htmlFor="RegistrationForm__user_name"
    >
      User name 
      <Required />
    </label>
    <Input
      id="RegistrationForm__user_name"
      name="user_name"
      required={true}
      type="text"
    />
  </div>
  <div
    className="password"
  >
    <label
      className="label_registration"
      htmlFor="RegistrationForm__password"
    >
      Password 
      <Required />
    </label>
    <Input
      id="RegistrationForm__password"
      name="password"
      required={true}
      type="password"
    />
  </div>
  <div
    className="email"
  >
    <label
      className="label_registration"
      htmlFor="RegistrationForm__email"
    >
      Email
      <Required />
    </label>
     
    <Input
      id="RegistrationForm__email"
      name="email"
      required={true}
      type="text"
    />
  </div>
  <div
    className="register_btn_container"
  >
    <Button
      type="submit"
    >
      Submit
    </Button>
  </div>
  <div
    className="login_link"
  >
    <p>
      Already a user? 
      <NavLink
        to="/login"
      >
        Login
      </NavLink>
    </p>
  </div>
</Form>
`;
